<html>
<body>
<pre>
<h1>µVision Build Log</h1>
<h2>Tool Versions:</h2>
IDE-Version: ¦ÌVision V5.14.0.0
Copyright (C) 2015 ARM Ltd and ARM Germany GmbH. All rights reserved.
License Information: zzy Administrator, GEC, LIC=W96CK-ZGVSN-68HFC-7XJ15-PA1N0-VPDNY
 
Tool Versions:
Toolchain:       MDK-ARM Professional  Version: 5.14.0.0
Toolchain Path:  C:\Keil_v5\ARM\ARMCC\Bin
C Compiler:      Armcc.exe V5.05 update 1 (build 106)
Assembler:       Armasm.exe V5.05 update 1 (build 106)
Linker/Locator:  ArmLink.exe V5.05 update 1 (build 106)
Library Manager: ArmAr.exe V5.05 update 1 (build 106)
Hex Converter:   FromElf.exe V5.05 update 1 (build 106)
CPU DLL:         SARMCM3.DLL V5.14.0.0
Dialog DLL:      DCM.DLL V1.13.1.0
Target DLL:      Segger\JL2CM3.dll V2.99.13.0
Dialog DLL:      TCM.DLL V1.14.4.0
 
<h2>Project:</h2>
D:\GZFX2108\03-stm32\day13\FreeRTOS_Semaphore\USER\FreeRTOS.uvprojx
Project File Date:  05/19/2022

<h2>Output:</h2>
Build target 'FreeRTOS'
compiling main.c...
main.c(304): warning:  #177-D: function "app_task_3" was declared but never referenced
  static void app_task_3(void *pvParameters)
main.c: 1 warning, 0 errors
linking...
Program Size: Code=14600 RO-data=5684 RW-data=244 ZI-data=58420  
FromELF: creating hex file...
"..\OBJ\demo.axf" - 0 Error(s), 1 Warning(s).

<h2>Collection of Component include folders:</h2>
  D:\GZFX2108\03-stm32\day13\FreeRTOS_Semaphore\USER\RTE
  C:\Keil_v5\ARM\PACK\Keil\STM32F4xx_DFP\1.0.8\Device\Include

<h2>Collection of Component Files used:</h2>
</pre>
</body>
</html>
